// Jest Snapshot v1, https://goo.gl/fbAQLP

exports[`AnalogClock renders correctly 1`] = `
<div>
  <svg
    height="240"
    role="presentation"
    viewBox="0 0 240 240"
    width="240"
    xmlns="http://www.w3.org/2000/svg"
  >
    <g
      transform="scale(2.4)"
    >
      <g
        size="240"
      >
        <path
          d="M 50 5 L 50 7"
          stroke="#000000"
          stroke-width="2"
          transform="rotate(0, 50, 50)"
        />
        <path
          d="M 50 5 L 50 6"
          stroke="#000000"
          stroke-width="1"
          transform="rotate(6, 50, 50)"
        />
        <path
          d="M 50 5 L 50 6"
          stroke="#000000"
          stroke-width="1"
          transform="rotate(12, 50, 50)"
        />
        <path
          d="M 50 5 L 50 6"
          stroke="#000000"
          stroke-width="1"
          transform="rotate(18, 50, 50)"
        />
        <path
          d="M 50 5 L 50 6"
          stroke="#000000"
          stroke-width="1"
          transform="rotate(24, 50, 50)"
        />
        <path
          d="M 50 5 L 50 7"
          stroke="#000000"
          stroke-width="2"
          transform="rotate(30, 50, 50)"
        />
        <path
          d="M 50 5 L 50 6"
          stroke="#000000"
          stroke-width="1"
          transform="rotate(36, 50, 50)"
        />
        <path
          d="M 50 5 L 50 6"
          stroke="#000000"
          stroke-width="1"
          transform="rotate(42, 50, 50)"
        />
        <path
          d="M 50 5 L 50 6"
          stroke="#000000"
          stroke-width="1"
          transform="rotate(48, 50, 50)"
        />
        <path
          d="M 50 5 L 50 6"
          stroke="#000000"
          stroke-width="1"
          transform="rotate(54, 50, 50)"
        />
        <path
          d="M 50 5 L 50 7"
          stroke="#000000"
          stroke-width="2"
          transform="rotate(60, 50, 50)"
        />
        <path
          d="M 50 5 L 50 6"
          stroke="#000000"
          stroke-width="1"
          transform="rotate(66, 50, 50)"
        />
        <path
          d="M 50 5 L 50 6"
          stroke="#000000"
          stroke-width="1"
          transform="rotate(72, 50, 50)"
        />
        <path
          d="M 50 5 L 50 6"
          stroke="#000000"
          stroke-width="1"
          transform="rotate(78, 50, 50)"
        />
        <path
          d="M 50 5 L 50 6"
          stroke="#000000"
          stroke-width="1"
          transform="rotate(84, 50, 50)"
        />
        <path
          d="M 50 5 L 50 7"
          stroke="#000000"
          stroke-width="2"
          transform="rotate(90, 50, 50)"
        />
        <path
          d="M 50 5 L 50 6"
          stroke="#000000"
          stroke-width="1"
          transform="rotate(96, 50, 50)"
        />
        <path
          d="M 50 5 L 50 6"
          stroke="#000000"
          stroke-width="1"
          transform="rotate(102, 50, 50)"
        />
        <path
          d="M 50 5 L 50 6"
          stroke="#000000"
          stroke-width="1"
          transform="rotate(108, 50, 50)"
        />
        <path
          d="M 50 5 L 50 6"
          stroke="#000000"
          stroke-width="1"
          transform="rotate(114, 50, 50)"
        />
        <path
          d="M 50 5 L 50 7"
          stroke="#000000"
          stroke-width="2"
          transform="rotate(120, 50, 50)"
        />
        <path
          d="M 50 5 L 50 6"
          stroke="#000000"
          stroke-width="1"
          transform="rotate(126, 50, 50)"
        />
        <path
          d="M 50 5 L 50 6"
          stroke="#000000"
          stroke-width="1"
          transform="rotate(132, 50, 50)"
        />
        <path
          d="M 50 5 L 50 6"
          stroke="#000000"
          stroke-width="1"
          transform="rotate(138, 50, 50)"
        />
        <path
          d="M 50 5 L 50 6"
          stroke="#000000"
          stroke-width="1"
          transform="rotate(144, 50, 50)"
        />
        <path
          d="M 50 5 L 50 7"
          stroke="#000000"
          stroke-width="2"
          transform="rotate(150, 50, 50)"
        />
        <path
          d="M 50 5 L 50 6"
          stroke="#000000"
          stroke-width="1"
          transform="rotate(156, 50, 50)"
        />
        <path
          d="M 50 5 L 50 6"
          stroke="#000000"
          stroke-width="1"
          transform="rotate(162, 50, 50)"
        />
        <path
          d="M 50 5 L 50 6"
          stroke="#000000"
          stroke-width="1"
          transform="rotate(168, 50, 50)"
        />
        <path
          d="M 50 5 L 50 6"
          stroke="#000000"
          stroke-width="1"
          transform="rotate(174, 50, 50)"
        />
        <path
          d="M 50 5 L 50 7"
          stroke="#000000"
          stroke-width="2"
          transform="rotate(180, 50, 50)"
        />
        <path
          d="M 50 5 L 50 6"
          stroke="#000000"
          stroke-width="1"
          transform="rotate(186, 50, 50)"
        />
        <path
          d="M 50 5 L 50 6"
          stroke="#000000"
          stroke-width="1"
          transform="rotate(192, 50, 50)"
        />
        <path
          d="M 50 5 L 50 6"
          stroke="#000000"
          stroke-width="1"
          transform="rotate(198, 50, 50)"
        />
        <path
          d="M 50 5 L 50 6"
          stroke="#000000"
          stroke-width="1"
          transform="rotate(204, 50, 50)"
        />
        <path
          d="M 50 5 L 50 7"
          stroke="#000000"
          stroke-width="2"
          transform="rotate(210, 50, 50)"
        />
        <path
          d="M 50 5 L 50 6"
          stroke="#000000"
          stroke-width="1"
          transform="rotate(216, 50, 50)"
        />
        <path
          d="M 50 5 L 50 6"
          stroke="#000000"
          stroke-width="1"
          transform="rotate(222, 50, 50)"
        />
        <path
          d="M 50 5 L 50 6"
          stroke="#000000"
          stroke-width="1"
          transform="rotate(228, 50, 50)"
        />
        <path
          d="M 50 5 L 50 6"
          stroke="#000000"
          stroke-width="1"
          transform="rotate(234, 50, 50)"
        />
        <path
          d="M 50 5 L 50 7"
          stroke="#000000"
          stroke-width="2"
          transform="rotate(240, 50, 50)"
        />
        <path
          d="M 50 5 L 50 6"
          stroke="#000000"
          stroke-width="1"
          transform="rotate(246, 50, 50)"
        />
        <path
          d="M 50 5 L 50 6"
          stroke="#000000"
          stroke-width="1"
          transform="rotate(252, 50, 50)"
        />
        <path
          d="M 50 5 L 50 6"
          stroke="#000000"
          stroke-width="1"
          transform="rotate(258, 50, 50)"
        />
        <path
          d="M 50 5 L 50 6"
          stroke="#000000"
          stroke-width="1"
          transform="rotate(264, 50, 50)"
        />
        <path
          d="M 50 5 L 50 7"
          stroke="#000000"
          stroke-width="2"
          transform="rotate(270, 50, 50)"
        />
        <path
          d="M 50 5 L 50 6"
          stroke="#000000"
          stroke-width="1"
          transform="rotate(276, 50, 50)"
        />
        <path
          d="M 50 5 L 50 6"
          stroke="#000000"
          stroke-width="1"
          transform="rotate(282, 50, 50)"
        />
        <path
          d="M 50 5 L 50 6"
          stroke="#000000"
          stroke-width="1"
          transform="rotate(288, 50, 50)"
        />
        <path
          d="M 50 5 L 50 6"
          stroke="#000000"
          stroke-width="1"
          transform="rotate(294, 50, 50)"
        />
        <path
          d="M 50 5 L 50 7"
          stroke="#000000"
          stroke-width="2"
          transform="rotate(300, 50, 50)"
        />
        <path
          d="M 50 5 L 50 6"
          stroke="#000000"
          stroke-width="1"
          transform="rotate(306, 50, 50)"
        />
        <path
          d="M 50 5 L 50 6"
          stroke="#000000"
          stroke-width="1"
          transform="rotate(312, 50, 50)"
        />
        <path
          d="M 50 5 L 50 6"
          stroke="#000000"
          stroke-width="1"
          transform="rotate(318, 50, 50)"
        />
        <path
          d="M 50 5 L 50 6"
          stroke="#000000"
          stroke-width="1"
          transform="rotate(324, 50, 50)"
        />
        <path
          d="M 50 5 L 50 7"
          stroke="#000000"
          stroke-width="2"
          transform="rotate(330, 50, 50)"
        />
        <path
          d="M 50 5 L 50 6"
          stroke="#000000"
          stroke-width="1"
          transform="rotate(336, 50, 50)"
        />
        <path
          d="M 50 5 L 50 6"
          stroke="#000000"
          stroke-width="1"
          transform="rotate(342, 50, 50)"
        />
        <path
          d="M 50 5 L 50 6"
          stroke="#000000"
          stroke-width="1"
          transform="rotate(348, 50, 50)"
        />
        <path
          d="M 50 5 L 50 6"
          stroke="#000000"
          stroke-width="1"
          transform="rotate(354, 50, 50)"
        />
      </g>
       
      <g
        size="240"
        transform="rotate(0, 50, 50)"
      >
        <path
          d="M 50 50 L 50 30"
          stroke="#000000"
          stroke-width="2.5"
        />
      </g>
       
      <g
        size="240"
        transform="rotate(0, 50, 50)"
      >
        <path
          d="M 50 50 L 50 10"
          stroke="#000000"
          stroke-width="1.25"
        />
      </g>
       
      <g
        size="240"
        transform="rotate(0, 50, 50)"
      >
        <path
          d="M 50 50 L 50 8"
          stroke="#ff0000"
          stroke-width="0.5"
        />
         
        <circle
          cx="50"
          cy="50"
          fill="#ff0000"
          r="2"
        />
      </g>
    </g>
  </svg>
</div>
`;
